// Jest Snapshot v1, https://goo.gl/fbAQLP

exports[`Pruebas de <RealExampleRef /> Debe mostrarse un snapshot correctamente 1`] = `
<div>
  <h1>
    RealExampleRef
  </h1>
  <hr />
  <button
    className="btn btn-primary mt-3"
    onClick={[Function]}
  >
    Show / Hide
  </button>
</div>
`;
