// Jest Snapshot v1, https://goo.gl/fbAQLP

exports[`Pruebas de <TodoApp /> Debe mostrarse un snapshot correctamente 1`] = `
<div>
  <h1>
    TodoApp 
    <small>
      0
    </small>
  </h1>
  <hr />
  <div
    className="row"
  >
    <div
      className="col-7"
    >
      <TodoList
        handleDelete={[Function]}
        handleToggle={[Function]}
        todoList={Array []}
      />
    </div>
    <div
      className="col-5"
    >
      <TodoAdd
        handleAddTodo={[Function]}
      />
    </div>
  </div>
</div>
`;
