// Jest Snapshot v1, https://goo.gl/fbAQLP

exports[`Pruebas en <GifGridItem /> Debe mostrar <GifGridItem /> correctamente 1`] = `
<div
  className="card animate__animated animate__fadeIn "
>
  <p>
    hola
  </p>
  <img
    alt="hola"
    src="https://wwhola"
  />
</div>
`;
