// Jest Snapshot v1, https://goo.gl/fbAQLP

exports[`Pruebas de <HomeScreen /> Debe mostrarse un snapshot correctamente 1`] = `
Array [
  <h1>
    HomeScreen
  </h1>,
  <hr />,
  <pre />,
]
`;
